[    0.000000] Initializing cgroup subsys cpuset
[    0.000000] Initializing cgroup subsys cpu
[    0.000000] Initializing cgroup subsys cpuacct
[    0.000000] Linux version 4.4.0-137-generic (buildd@lgw01-amd64-037) (gcc version 5.4.0 20160609 (Ubuntu 5.4.0-6ubuntu1~16.04.10) ) #163-Ubuntu SMP Mon Sep 24 13:14:43 UTC 2018 (Ubuntu 4.4.0-137.163-generic 4.4.144)
[    0.000000] Command line: BOOT_IMAGE=/boot/vmlinuz-4.4.0-137-generic root=LABEL=cloudimg-rootfs ro console=tty1 console=ttyS0
[    0.000000] KERNEL supported cpus:
[    0.000000]   Intel GenuineIntel
[    0.000000]   AMD AuthenticAMD
[    0.000000]   Centaur CentaurHauls
[    0.000000] x86/fpu: xstate_offset[2]:  576, xstate_sizes[2]:  256
[    0.000000] x86/fpu: Supporting XSAVE feature 0x01: 'x87 floating point registers'
[    0.000000] x86/fpu: Supporting XSAVE feature 0x02: 'SSE registers'
[    0.000000] x86/fpu: Supporting XSAVE feature 0x04: 'AVX registers'
[    0.000000] x86/fpu: Enabled xstate features 0x7, context size is 832 bytes, using 'standard' format.
[    0.000000] e820: BIOS-provided physical RM map:
[    0.000000] BIOS-e80:mem 0x0000000000000000-0x000000000009fbff] usable
[    0.000000] BIOS-e820: [mem 0x000000000009fc00-0x000000000009ffff] reserved
[    0.000000] BIOS-e820: [mem 0x00000000000f0000-0x00000000000fffff] reserved
[    0.000000] BIOS-e820: [mem 0x0000000000100000-0x000000003ffeffff] usable
[   0.000000] BIOS-e820: [mem 0x000000003fff0000-0x00000003fffffff] ACPI data
[    0.000000] BIOS-e820: [mem 0x00000000fec00000-0x00000000fec00fff] reserved
[    0.000000] BIOS-e820: [mem 0x00000000fee00000-0x00000000fee00fff] reserved
[    0.000000] BIOS-e820: [mem 0x00000000fffc0000-0x00000000ffffffff] reserved
[    0.000000] NX (Execute Disable) protection: active
[    0.000000] SMBIOS 2.5 present.
[    0.000000] Hypervisor detected: KVM
[    0.000000] e820: last_pfn = 0x3fff0 max_arch_pfn = 0x400000000
[    0.000000] MTRR: Disabled
[    0.000000] x86/PAT: MTRRs disabled, kiping PAT initialization too.
[    0.000000] CPU MTRRs all blank - virtualized system.
[    0.000000] x86/PAT: Configuration [0-7]: WB  WT  UC- UC  WB  WT  UC- UC  
[    0.000000] found SMP MP-table at [mem 0x0009fff0-0x0009ffff] mapped at [ffff88000009fff0]
[    0.000000] Scanning 1 areas for low memory corruption
[    0.000000] RDIK:[mem 0x3630a00-0x3717ff]
[  0.0000] ACPI: Early table checksm verification dsable
[    0.000000] ACPI: RSDP 0x00000000000E0000 000024 (v02 VBOX  )
[    0.000000] ACPI: XSDT 0x000000003FFF0030 00003C (v01 VBOX   VBOXXSDT 00000001 ASL  00000061)
[    0.000000] ACPI: FACP 0x000000003FFF00F0 0000F4 (v04 VBOX   VBOXFACP 00000001 ASL  00000061)
[    0.000000] ACPI: DSDT 0x000000003FFF0470 0021FF (v02 VBOX   VBOXBIOS 00000002 INTL 20100528)
[    0.000000] ACPI: FACS 0x000000003FFF0200 000040
[    0.000000] ACPI: FACS 0x000000003FFF0200 000040
[    0.000000] ACPI: APIC 0x000000003FFF0240 00005C (v02 VBOX   VBOXAPIC 00000001 ASL  00000061)
[    0.000000] ACPI: SSDT 0x000000FFF02A0 0001CC (v01 VBOX   VBOXCPUT 00000002 INTL 20100528)
[    0.000000] No NUMA configuration found
[    0.000000] Faking a node at [mem 0x0000000000000000-0x000000003ffeffff]
[    0.000000] NODE_DATA(0) allocated [mem 0x3ffeb000-0x3ffeffff]
[    0.000000] kvm-clock: Using msrs 4b564d01 and 4b564d00
[    0.000000] kvm-clock: cpu 0, msr 0:3ffe3001, primary cpu clock
[    0.000000] kvm-clock: using sched offset of 6328421360 cycles
[    0.000000] clocksource: kvm-clock: mask: 0xffffffffffffffff max_cycles: 0x1cd42e4dffb, max_idle_ns: 881590591483 ns
[    0.000000] Zone ranges:[   0.000000]   DMA     em 0x0000000000001000-0x0000000000ffffff]
[    0.000000]   DM32    [mem 0x0000000001000000-0x000000003ffeffff]
[    0.000000]   Normal   empty
[    0.000000]   Device  pt
[    000000] Movable zone start for each node
[    0.000000] Early memory node ranges
[   0.0000] node  : [mem 0x0000000000001000-0x000000000009efff]
[  0.000000]   node   0: [mem 0x0000000000100000-0x000000003ffeffff]
[    0.000000] Initmem setup node 0 [mem 0x0000000000001000-0x000000003ffeffff]
[    0.000000] ACPI: PM-Timer IO Port: 0x4008
[    0.000000] IOAPIC[0]: apic_id 2, version 32, address 0xfec00000, GSI 0-23
[    0.000000] ACPI: INT_SRC_OVR (bus 0 bus_irq 0 global_irq 2 dfl dfl)
[    0.000000] ACPI: INT_SRC_OVR (bus 0 bus_irq 9 global_irq 9 low level)
[    0.000000] Using ACPI (MADT) for SMP configuration information
[    0.000000] smpboot: Allowing 2 CPUs, 0 hotplug CPUs
[    0.000000] PM: Registered nosave memory: [mem 0x00000000-0x00000fff]
[    0.000000] PM: Registered nosave memory: [mem 0x0009f000-0x0009ffff]
[  0.000000] PM: Registered nosave memory: [mem 0x000a0000-0x000effff]
[    0.000000] PM: Registered nosave memory: [mem 0x000f0000-0x000fffff]
[    0.000000] e820: [mem 0x40000000-0xfebfffff] available for PCI devices
[    0.000000] Booting paravirtualized kernel on KVM
[    0.000000] ocksource: refined-jiffies: mask: 0xffffffff max_cycles: 0xffffffff, max_idle_ns: 7645519600211568 ns
[    0.000000] setup_percpu: NR_CPUS:512 nr_cpumask_bits:512 nr_cpu_ids:2 nr_node_ids:1
[    0.000000] PERCPU: Embedded 34 pages/cpu @ffff88003fc00000 s99608 r8192 d31464 u1048576
[    0.000000] PV qspinlock hash table entries: 256 (order: 0, 4096 bytes)
[    0.000000] Built 1 zonelist in Node order, mobility grouping on.  Total pages: 257912
[    0.000000] Policy zone: DMA32
[    0.000000] Kernel command line: BOOT_IMAGE=/boot/vmlinuz-4.4.0-137-generic root=LABEL=cloudimg-rootfs ro console=tty1 console=ttyS0
[    0.000000] PID  hash table entries: 4096 (order: 3, 32768 bytes)
[    0.000000] Memory: 997708K/1048120K available (8555K kernel code, 1314K rwdata, 4004K rodata, 1528K init, 1316K bss, 50412K reserved, 0K cma-reserved)
[    0.000000] SLUB: HWalign=64, Order=0-3, MinObjects=0, CPUs=2, Nodes=1
[    0.000000] Kernel/User page tables isolation: enabled
[    0.000000] Hierarchical RCU implementation.
[    0.000000] 	Build-time adjustment ofeaf fanout to 64.
[    0.000000] 	RCU restricting CPUs from NR_CPUS=512 to nr_cpu_ids=2.
[    0.000000] RCU: Adjusting geometry for rcu_fanout_leaf=64, nr_cpu_ids=2
[    0.000000] NR_IRQS:33024 nr_irqs:440 16
[    0.000000] Console: colour VGA+ 80x25
[    0.000000] console [tty1] enabled
[    0.000000] console [ttyS0] enabled
[    0.000000] tsc: Detected 3504.000 MHz processor
[    1.226473] Calibrating delay loop (skipped) preset value.. 7008.00 BogoMIPS (lpj=14016000)
[    1.230221] pid_max: default: 32768 minimu: 1
[    1.269916] ACPI: Core revision 20150930
[    1.272222] ACPI: 2 ACPI AML tables successfully acquired and loaded
[    1.292942] Security Framework initialized
[    1.297658] Yama: becoming mindful.
[    1.298842] AppArmor: AppArmor initialized
[    1.306322] Dentry cache hash table entries: 131072 (order: 8, 1048576 bytes)
[    1.311658] Inode-cache hash table entries: 65536 (order: 7, 524288 bytes)
[    1.323846] Mount-cache hash table entries: 2048 (order: 2, 16384 bytes)
[    1.333058] Mountpoint-cache hash table entries: 2048 (order: 2, 16384 bytes)
[    1.344048] Initializing cgroup subsys io
[    1.350381] Initializing cgroup subsys memory
[    1.356092] Initializing cgroup subsys devices
[    1.363281] Initializing cgroup subsys freezer
[    1.370555] Initializing cgroup subsys net_cls
[    1.376966] Initializing cgroup subsys perf_event
[    1.386807] Initializing cgroup subsys net_prio
[    1.401666] Initializing cgroup subsys hugetlb
[    1.403309] Initializing cgroup subsys pids
[    1.406217] mce: CPU supports 0 MCE banks
[    1.420433] Last level iTLB entries: 4KB 64, 2MB 8, 4MB 8
[    1.435775] Last level dTLB entries: 4KB 64, 2MB 0, 4MB 0, 1GB 4
[    1.442523] Spectre V2 : Mitigation: Full generic retpoline
[    1.449467] Spectre V2 : Spectre v2 mitigation: Speculation control IBPB not-supported IBRS not-supported
[    1.473641] Spectre V2 : Spectre v2 / SpectreRSB mitigation: Filling RSB on context switch
[    1.521644] Speculative Store Bypass: Vulnerable
[    1.559883] Freeing SMP alternatives memory: 32K
[    1.604999] ftrace: allocating 32265 entries in 127 pages
[    1.695858] smpboot: APIC(0) Converting physical 0 to logical package 0
[    1.700650] smpboot: Max logical packages: 1
[    1.702530] x2apic enabled
[    1.704571] Switched APIC routing to physical x2apic.
[    1.714254] ..TIMER: vector=0x30 apic1=0 pin1=2 apic2=-1 pin2=-1
[    1.832639] smpboot: CPU0: Intel(R) Core(TM) i7-7567U CPU @ 3.50GHz (family: 0x6, model: 0x8e, stepping: 0x9)
[    1.852427] Performance Events: unsupported p6 CPU model 142 no PMU driver, software events only.
[    1.859870] KVM setup paravirtual spinlock
[    1.863248] x86: Booting SMP configuration:
[    1.865121] .... node  #0, CPUs:      #1
[    1.868122] kvm-clock: cpu 1, msr 0:3ffe3041, secondary cpu clock
[    1.873414] mce: CPU supports 0 MCE banks
[    1.877425] x86: Booted up 1 node, 2 CPUs
[    1.886145] smpboot: Total of 2 processors activated (14016.00 BogoMIPS)
[    1.899082] devtmpfs: initialized
[    1.907912] evm: security.selinux
[    1.909803] evm: security.SMACK64
[    1.913965] evm: security.SMACK64EXEC
[    1.919501] evm: security.SMACK64TRANSMUTE
[    1.921190] evm: security.SMACK64MMAP
[    1.922386] evm: security.ima
[    1.923693] evm: security.capability
[    1.928051] clocksource: jiffies: mask: 0xffffffff max_cycles: 0xffffffff, max_idle_ns: 7645041785100000 ns
[    1.936316] futex hash table entries: 512 (order: 3, 32768 bytes)
[    1.941658] pinctrl core: initialized pinctrl subsystem
[    1.948187] RTC time: 21:22:02, date: 10/30/18
[    1.954083] NET: Registered protocol family 16
[    1.973076] cpuidle: using governor ladder
[    2.001248] cpuidle: using governor menu
[    2.003634] PCCT header not found.
[    2.005110] ACPI: bus type PCI registered
[    2.006498] acpiphp: ACPI Hot Plug PCI Controller Driver version: 0.5
[    2.009265] PCI: Using configuration type 1 for base access
[    2.022801] ACPI: Added _OSI(Module Device)
[    2.025506] ACPI: Added _OSI(Processor Device)
[    2.028436] ACPI: Added _OSI(3.0 _SCP Extensions)
[    2.035102] ACPI: Added _OSI(Processor Aggregator Device)
[    2.044860] ACPI: Executed 1 blocks of module-level executable AML code
[    2.055508] ACPI: Interpreter enabled
[    2.065810] ACPI: (supports S0 S5)
[    2.067196] ACPI: Using IOAPIC for interrupt routing
[    2.078875] PCI: Using host bridge windows from ACPI; if necessary, use "pci=nocrs" and report a bug
[    2.098525] ACPI: PCI Root Bridge [PCI0] (domain 0000 [bus 00-ff])
[    2.129602] acpi PNP0A03:00: _OSC: OS supports [ASPM ClockPM Segments MSI]
[    2.131716] acpi PNP0A03:00: _OSC: not requesting OS control; OS requires [ExtendedConfig ASPM ClockPM MSI]
[    2.137135] acpi PNP0A03:00: fail to add MMCONFIG information, can't access extended PCI configuration space under this bridge.
[    2.151106] PCI host bridge to bus 0000:00
[    2.165989] pci_bus 0000:00: root bus resource [io  0x0000-0x0cf7 window]
[    2.184050] pci_bus 0000:00: root bus resource [io  0x0d00-0xffff window]
[    2.201537] pci_bus 0000:00: root bus resource [mem 0x000a0000-0x000bffff window]
[    2.208137] pci_bus 0000:00: root bus resource [mem 0x40000000-0xfdffffff window]
[    2.225763] pci_bus 0000:00: root bus resource [bus 00-ff]
[    2.234196] pci 0000:00:01.1: legacy IDE quirk: reg 0x10: [io  0x01f0-0x01f7]
[    2.247117] pci 0000:00:01.1: legacy IDE quirk: reg 0x14: [io  0x03f6]
[    2.259490] pci 0000:00:01.1: legacy IDE quirk: reg 0x18: [io  0x0170-0x0177]
[    2.265526] pci 0000:00:01.1: legacy IDE quirk: reg 0x1c: [io  0x0376]
[    2.307264] pci 0000:00:07.0: quirk: [io  0x4000-0x403f] claimed by PIIX4 ACPI
[    2.336784] pci 0000:00:07.0: quirk: [io  0x4100-0x410f] claimed by PIIX4 SMB
[    2.356674] ACPI: PCI Interrupt Link [LNKA] (IRQs 5 9 10 *11)
[    2.366978] ACPI: PCI Interrupt Link [LNKB] (IRQs 5 9 *10 11)
[    2.374762] ACPI: PCI Interrupt Link [LNKC] (IRQs 5 *9 10 11)
[    2.383510] ACPI: PCI Interrupt Link [LNKD] (IRQs 5 9 10 *11)
[    2.402246] ACPI: Enabled 2 GPEs in block 00 to 07
[    2.429384] vgaarb: setting as boot device: PCI:0000:00:02.0
[    2.434334] vgaarb: device added: PCI:0000:00:02.0,decodes=io+mem,owns=io+mem,locks=none
[    2.437327] vgaarb: loaded
[    2.438995] vgaarb: bridge control possible 0000:00:02.0
[    2.441159] SCSI subsystem initialized
[    2.448694] ACPI: bus type USB registered
[    2.454693] usbcore: registered new interface driver usbfs
[    2.519915] usbcore: registered new interface driver hub
[    2.539380] usbcore: registered new device driver usb
[    2.552774] PCI: Using ACPI for IRQ routing
[    2.566065] NetLabel: Initializing
[    2.581005] NetLabel:  domain hash size = 128
[    2.590514] NetLabel:  protocols = UNLABELED CIPSOv4
[    2.604786] NetLabel:  unlabeled traffic allowed by default
[    2.610707] amd_nb: Cannot enumerate AMD northbridges
[    2.612742] clocksource: Switched to clocksource kvm-clock
[    2.623882] AppArmor: AppArmor Filesystem Enabled
[    2.636065] pnp: PnP ACPI init
[    2.643598] pnp: PnP ACPI: found 3 devices
[    2.654835] clocksource: acpi_pm: mask: 0xffffff max_cycles: 0xffffff, max_idle_ns: 2085701024 ns
[    2.663190] NET: Registered protocol family 2
[    2.666862] TCP established hash table entries: 8192 (order: 4, 65536 bytes)
[    2.675052] TCP bind hash table entries: 8192 (order: 5, 131072 bytes)
[    2.678451] TCP: Hash tables configured (established 8192 bind 8192)
[    2.682605] UDP hash table entries: 512 (order: 2, 16384 bytes)
[    2.685542] UDP-Lite hash table entries: 512 (order: 2, 16384 bytes)
[    2.696355] NET: Registered protocol family 1
[    2.699571] pci 0000:00:00.0: Limiting direct PCI/PCI transfers
[    2.703319] pci 0000:00:01.0: Activating ISA DMA hang workarounds
[    2.713876] Unpacking initramfs...
[    3.093681] Freeing initrd memory: 14796K
[    3.100413] platform rtc_cmos: registered platform RTC device (no PNP device found)
[    3.110413] Scanning for low memory corruption every 60 seconds
[    3.113384] audit: initializing netlink subsys (disabled)
[    3.115726] audit: type=2000 audit(1540934528.928:1): initialized
[    3.118687] Initialise system trusted keyring
[    3.120384] HugeTLB registered 2 MB page size, pre-allocated 0 pages
[    3.138939] zbud: loaded
[    3.145938] VFS: Disk quotas dquot_6.6.0
[    3.147307] VFS: Dquot-cache hash table entries: 512 (order 0, 4096 bytes)
[    3.151223] squashfs: version 4.0 (2009/01/31) Phillip Lougher
[    3.153763] fuse init (API version 7.23)
[    3.156335] Key tpe big_key registered
[    3.183317] Allocating IMA MOK and blacklist keyrings.

[    3.188265] Key type asymmetric registered
[    3.191035] Asymmetric key parser 'x509' registered
[    3.192623] Block layer SCSI generic (bsg) driver version 0.4 loaded (major 249)
[    3.195303] io scheduler noop registered
[    3.201905] io scheduler deadline registered (default)
[    3.203563] io scheduler cfq registered
[    3.205080] pci_hotplug: PCI Hot Plug PCI Core version: 0.5
[    3.212987] pciehp: PCI Expres Hot Plug Controller Driver version: 0.4
[    3.244635] ACPI: AC Adapter [AC] (on-line)
[    3.246438] input: Power Button as /devices/LNXSYSTM:00/LNXPWRBN:00/input/input0
[    3.248840] ACPI: Power Button [PWRF]
[    3.250380] input: Sleep Button as /devices/LNXSYSTM:00/LNXSLPBN:00/input/input1
[    3.252816] ACPI: Sleep Button [SLPF]

[   3.256109] ACPI: Battery Slot [BAT0] (battery present)

[    32867] GHES: HEST is not enabled!

[    3.360645Serial: 8250/16550 driver, 32 ports, IRQ sharing enabled
[    3.435165] 00:02: ttyS0 at I/O 0x3f8 (irq = 4, base_baud = 115200) is a 16550A

[    3.444190] Linux agpgart interface v0.103
[    3.449767] loop: module loaded
[    3.457723] scsi host0: ata_piix
[    3.459578] scsi hos1: ata_piix
[    3.4917] ata1: PATA max UDMA/33 cmd 0x1f0 ctl 0x3f6 bmdma 0xd000 irq 14
[    3.545833] ata2: PATA max UDMA/33 cmd 0x170 ctl 0x376 bmdma 0xd008 irq 15

[    3.549301] libphy: Fixed MDIO Bus: probed
[    3.551739] tun: Universal TUN/TAP device driver, 1.6[    3.581317] tun: (C) 1999-2004 Max Krasnyansky <maxk@qualcomm.com>
[    3.664037] PPP generic driver version 2.4.2
[    3.671407] ehci_hcd: USB 2.0 'Enhanced' Host Controller (EHCI) Driver
[    3.684297] ehci-pci: EHCI PCI platform driver
[    3.706418] ehci-platform: EHCIgeeric platform driver
[    3.805862] ohci_hcd: USB 1.1 'Open' Host Coroller (OHCI) Driver
[    3.875818] ohci-pci: OHCI PCI platform driver
[    3.878886] ohci-platform: OHCI generic platform driver
[    3.882344] uhci_hcd: USB Universal Host Controller Interface driver
[    3.886292] i8042: PNP: PS/2 Controller [PNP0303:PS2K,PNP0f03:PS2M] at 0x60,0x64 irq 1,12
[    3.892210] serio: i8042 KBD port at 0x60,0x64 irq 1
[    3.894872] serio: i8042 AUX port at 0x60,0x64 irq 12

[    3.899087] mousedev: PS/2 mouse device common for all mice
[    3.904118] rtc_cmos rtc_cmos: rtc core: registered rtc_cmos as rtc0
[    3.910965] rtc_cmos rtc_cmos: alarms up to one day, 114 bytes nvram
[    3.929934] i2c /dev entries driver
[    3.931883] device-mapper: uevent: version 1.0.3
[    3.935775] input: AT Translated Set 2 keyboard as /devices/platform/i8042/serio0/input/input2
[    3.939515] device-mapper: ioctl: 4.34.0-ioctl (2015-10-28) initialised: dm-devel@redhat.com
[    3.945461] ledtrig-cpu: registered to indicate activity on CPUs
[    3.949989] NET: Registered protocol family 10
[    3.955429] NET: Registered protocol family 17
[    3.958232] Key type dns_resolver registered
[    3.962022] registered taskstats version 1
[    3.964783] Loading compiled-in X.509 certificates
[    3.968916] Loaded X.509 cert 'Build time autogenerated kernel key: 20acc96b50ca7641011eace69d32209215a9b56f'
[    3.976982] zswap: loaded using pool lzo/zbud
[    3.981971] Key type trusted registered
[    3.988058] Key type encrypted registered
[    3.990630] AppArmor: AppArmor sha1 policy hashing enabled
[    3.993368] ima: No TPM chip found, activating TPM-bypass!
[    3.996435] ima: Allocated hash algorithm: sha1
[    4.006675] evm: HMAC attrs: 0x1
[    4.014542]   Magic number: 6:332:400
[    4.018351] rtc_cmos rtc_cmos: setting system clock to 2018-10-30 21:22:04 UTC (1540934524)
[    4.027031] BIOS EDD facility v0.16 2004-Jun-25, 0 devices found
[    4.031310] EDD information not available.
[    4.036061] Freeing unused kernel memory: 1528K
[    4.097174] tsc: Refined TSC clocksource calibration: 3502.587 MHz
[    4.097177] clocksource: tsc: mask: 0xffffffffffffffff max_cycles: 0x327cdcc1bb5, max_idle_ns: 440795295278 ns
[    4.880940] Write protecting the kernel read-only data: 14336k
[    4.888428] Freeing unused kernel memory: 1672K
[    5.097775] Freeing unused kernel memory: 92K
Loading, please wait...
starting version[    5.115011] random: systemd-udevd: uninitialized urandom read (16 bytes read, 7 bits of entropy available)
 229
[    5.122534] random: systemd-udevd: uninitialized urandom read (16 bytes read, 7 bits of entropy available)
[    5.124308] random: udevadm: uninitialized urandom read (16 bytes read, 7 bits of entropy available)
[    5.124328] random: udevadm: uninitialized urandom read (16 bytes read, 7 bits of entropy available)
[    5.146687] random: systemd-udevd: uninitialized urandom read (16 bytes read, 7 bits of entropy available)
[    5.149190] random: udevadm: uninitialized urandom read (16 bytes read, 7 bits of entropy available)
[    5.149248] random: udevadm: uninitialized urandom read (16 bytes read, 7 bits of entropy available)
[    5.149570] random: udevadm: uninitialized urandom read (16 bytes read, 7 bits of entropy available)
[    5.149631] random: udevadm: uninitialized urandom read (16 bytes read, 7 bits of entropy available)
[    5.149684] random: udevadm: uninitialized urandom read (16 bytes read, 7 bits of entropy available)
[    5.315703] Fusion MPT base driver 3.04.20
[    5.320429] Copyright (c) 1999-2008 LSI Corporation
[    5.334596] e1000: Intel(R) PRO/1000 Network Driver - version 7.3.21-k8-NAPI
[    5.340788] e1000: Copyright (c) 1999-2006 Intel Corporation.
[    5.355133] AVX2 version of gcm_enc/dec engaged.
[    5.360647] AES CTR mode by8 optimization enabled
[    5.388056] Fusion MPT SPI Host driver 3.04.20
[    5.578778] input: ImExPS/2 Generic Explorer Mouse as /devices/platform/i8042/serio1/input/input4
[    5.829635] e1000 0000:00:03.0 eth0: (PCI:33MHz:32-bit) 02:20:67:8c:d5:af
[    5.854435] e1000 0000:00:03.0 eth0: Intel(R) PRO/1000 Network Connection
[    5.857481] mptbase: ioc0: Initiating bringup
[    5.858178] e1000 0000:00:03.0 enp0s3: renamed from eth0
[    5.923466] ioc0: LSI53C1030 A0: Capabilities={Initiator}
[    6.646035] scsi host2: ioc0: LSI53C1030 A0, FwRev=00000000h, Ports=1, MaxQ=256, IRQ=20
[    7.150905] scsi 2:0:0:0: Direct-Access     VBOX     HARDDISK         1.0  PQ: 0 ANSI: 5
[    7.190139] scsi target2:0:0: Beginning Domain Validation
[    7.208252] scsi target2:0:0: Domain Validation skipping write tests
[    7.240790] scsi target2:0:0: Ending Domain Validation
[    7.250613] scsi target2:0:0: asynchronous
[    7.279684] scsi 2:0:1:0: Direct-Access     VBOX     HARDDISK         1.0  PQ: 0 ANSI: 5
[    7.299498] scsi target2:0:1: Beginning Domain Validation
[    7.317167] scsi target2:0:1: Domain Validation skipping write tests
[    7.342534] scsi target2:0:1: Ending Domain Validation
[    7.353271] scsi target2:0:1: asynchronous
[    7.381826] sd 2:0:0:0: [sda] 20971520 512-byte logical blocks: (10.7 GB/10.0 GiB)
[    7.381879] sd 2:0:0:0: Attached scsi generic sg0 type 0
[    7.382525] sd 2:0:1:0: Attached scsi generic sg1 type 0
[    7.437621] sd 2:0:1:0: [sdb] 20480 512-byte logical blocks: (10.5 MB/10.0 MiB)
[    7.437936] sd 2:0:0:0: [sda] Write Protect is off
[    7.438102] sd 2:0:0:0: [sda] Incomplete mode parameter data
[    7.438103] sd 2:0:0:0: [sda] Assuming drive cache: write through
[    7.494076]  sda: sda1
[    7.494870] sd 2:0:0:0: [sda] Attached SCSI disk
[    7.508739] sd 2:0:1:0: [sdb] Write Protect is off
[    7.516838] sd 2:0:1:0: [sdb] Incomplete mode parameter data
[    7.523794] sd 2:0:1:0: [sdb] Assuming drive cache: write through
[    7.545762] sd 2:0:1:0: [sdb] Attached SCSI disk
Begin: Loading essential drivers ... [    8.955302] md: linear personality registered for level -1
[    8.989853] md: multipath personality registered for level -4
[    9.019029] md: raid0 personality registered for level 0
[    9.034362] md: raid1 personality registered for level 1
[    9.113280] raid6: sse2x1   gen()  9032 MB/s
[    9.189025] raid6: sse2x1   xor()  6971 MB/s
[    9.261237] raid6: sse2x2   gen() 10351 MB/s
[    9.336815] raid6: sse2x2   xor()  9951 MB/s
[    9.409003] raid6: sse2x4   gen() 11669 MB/s
[    9.492807] raid6: sse2x4   xor()   974 MB/s
[    9.568868] raid6: avx2x1   gen() 12207 MB/s
[    9.641037] raid6: avx2x2   gen() 16045 MB/s
[    9.721333] raid6: avx2x4   gen() 29384 MB/s
[    9.739355] raid6: using algorithm avx2x4 gen() 29384 MB/s
[    9.741689] raid6: using avx2x2 recovery algorithm
[    9.745545] xor: automatically using best checksumming function:
[    9.800793]    avx       : 31889.000 MB/sec
[    9.807471] async_tx: api initialized (async)
[    9.822981] md: raid6 personality registered for level 6
[    9.834681] md: raid5 personality registered for level 5
[    9.843004] md: raid4 personality registered for level 4
[    9.863432] md: raid10 personality registered for level 10
done.
Begin: Running /scripts/init-premount ... done.
Begin: Mounting root file system ... Begin: Running /scripts/local-top ... done.
Begin: Running /scripts/local-premount ... [    9.902741] Btrfs loaded
Scanning for Btrfs filesystems
done.
Warning: fsck not present, so sk[    9.965968] EXT4-fs (sda1): mounted filesystem with ordered data mode. Opts: (null)
ipping root file system
done.
Begin: Running /scripts/local-bottom ... done.
Begin: Running /scripts/init-bottom ... done.
[   10.357176] systemd[1]: systemd 229 running in system mode. (+PAM +AUDIT +SELINUX +IMA +APPARMOR +SMACK +SYSVINIT +UTMP +LIBCRYPTSETUP +GCRYPT +GNUTLS +ACL +XZ -LZ4 +SECCOMP +BLKID +ELFUTILS +KMOD -IDN)
[   10.414491] systemd[1]: Detected virtualization oracle.
[   10.417406] systemd[1]: Detected architecture x86-64.

Welcome to [1mUbuntu 16.04.5 LTS[0m!

[   10.4411] ysemd[1]: Set hostname to <ubuntu>.

[   10.540438] systemd[1]: Initializing machine ID from random generator.
[   10.543269] systemd[1]: Installed transient /etc/machine-id file.
[   10.809615] random: nonblocking pool is initialized
[   10.947167] systemd[1] Started Forward Password Requests o al Dirctory Wtc.
[[0;32m  OK  [0m] Started Forward Password Requests to Wall Directory Watch.
[  1.254320] systemd[1]: Listening on Syslog Socket.
[[0;32m  OK  [0m] Listening on Syslog Socket.
[   11.657294] systemd[1]: Listening on udev Kernel Socket.
[[0;32m  OK  [0m] Listening on udev Kernel Socket.
[   11.662041] systemd[1]: Reached target System Time Synchriz. [[0;32m  OK  [0m] Reached target System Time Synchronized.
[   1189010 sysem[1: Listening on udev Control Socket.
[[0;32m  OK  [0m] Listening on udev Control Socket.
[   12.031680] systemd[1]: Created slice System Slice
[[0;32m  OK  [0m] Created slice System Slice.
[   12.105676] systemd[1]: Started Trigger resolvconf update for networkd DNS.
[[0;32m  OK  [0m] Started Trigger resolvconf update for networkd DNS.
[   12.189] stemd[1]:Reached trget User and Group Name Lookups.
[[0;32m  OK  [0m] Reached target User and Group Name Lookups.
[   13.094108] systemd[1]: Reached target Swap..
[[0;32m  OK  [0m] Reached target Swap.
[   13.102737] systemd[1]: Listening on /dev/initctl Compatibility Named Pipe.
[[0;32m  OK  [0m] Listening on /dev/initctl Compatibility Named Pipe.
[   13.682 systemd[1]: Listening on LVM2 metadata daemon soct.
[[0;32m  OK  [0m] Listening on LVM2 metadata daemon socket.
[   13.865975] systemd[1]: Listening on Journal Audit Soket.
[[0;32m  OK  [0m] Listening on Journal Audit Socket.
[   14.098437] stemd[1]: Listening on Device-mapper event daemon FIFOs.
[[0;32m  OK  [0m] Listening on Device-mapper event daemon FIFOs.
[   14.163847] systemd[1]: Lisning on Journal Socket.
[[0; 32m  OK  [0m] Listening on Journal Socket.
[   14.685397] systemd[1]: Starting Monitoring of LVM2 mirrors, snapshots etc. using dmeventd or progress polling...
         Starting Monitoring of LVM2 mirrors... dmeventd or progress polling...
[   14.757628] systemd[1]: Mounting Huge Pages File System...
         Mounting Huge Pages File System...
[   14.813142] systemd[1]: Starting Create list of required static device nodes for the current kernel...
         Starting Create list of required st... nodes for the current kernel...
[   14.826385] systemd[1]: Mounting Debug File System...
         Mounting Debug File System...
[   14.853799] systemd[1]: Mounting POSIX Message Queue File System...
         Mounting POSIX Message Queue File System...
[   14.872729] systemd[1]: Starting Load Kernel Modules...
         Starting Load Ke[   14.918538] Loading iSCSI transport class v2.0-870.
rnel Modules...
[   14.955533] iscsi: registered transport (tcp)
[   14.969221] systemd[1]: Starting Remount Root and Kernel File Systems...
         Starting Remount Root and Kernel File Systems...
[   14.981660] systemd[1]: Set up automount Arbitrary Executable File Formats File System Automount Point.
[[0;32m  OK  [0[   14.988183] EXT4-fs (sda1): re-mounted. Opts: (null)
m] Set up automount Arbitrary Executab...ats File System Automount Point.
[   15.062012] systemd[1]: Reached target Encrypted Volumes.
[[0;32m  OK  [0m[   15.078986] iscsi: registered transport (iser)
] Reached target Encrypted Volumes.
[   15.594156] systemd[1]: Created slice system-serial\x2dgetty.slice.
[[0;32m  OK  [0m] Created slice system-serial\x2dgetty.slice.
[   15.623183] systemd[1]: Created slice User and Session Slice.
[[0;32m  OK  [0m] Created slice User and Session Slice.
[   15.666468] systemd[1]: Reached target Slices.
[[0;32m  OK  [0m] Reached target Slices.
[   15.713139] systemd[1]: Starting Set console keymap...
         Starting Set console keymap...
[   15.765175] systemd[1]: Listening on Journal Socket (/dev/log).
[[0;32m  OK  [0m] Listening on Journal Socket (/dev/log).
[   15.817384] systemd[1]: Starting Journal Service...
         Starting Journal Service...
[   15.842429] systemd[1]: Starting Nameserver information manager...
         Starting Nameserver information manager...
[   15.897309] systemd[1]: Starting Uncomplicated firewall...
         Starting Uncomplicated firewall...
[   15.949156] systemd[1]: Listening on LVM2 poll daemon socket.
[[0;32m  OK  [0m] Listening on LVM2 poll daemon socket.
[   16.010714] systemd[1]: Mounted Huge Pages File System.
[[0;32m  OK  [0m] Mounted Huge Pages File System.
[   16.043428] systemd[1]: Mounted POSIX Message Queue File System.
[[0;32m  OK  [0m] Mounted POSIX Message Queue File System.
[   16.07897] sytemd[1]: Mounted Debug ileSyte.
[[0;32m  OK  [0m] Mounted Debug File System.
[   16.273777] systemd[1]: Started Journal Service.
[[0;32m  OK  [0m] Started Journal Service.
[[0;32m  OK  [0m] Started Create list of required sta...ce nodes for the current kernel.
[[0;32m  OK  [0m] Started Load Kernel Modules.
[[0;32m  OK  [0m] Started Remount Root and Kernel File Systems.
[[0;32m  OK  [0m] Started Set console keymap.
[[0;32m  OK  [0m] Started Uncomplicated firewall.
[[0;32m  OK  [0m] Started Nameserver information manager.
[[0;32m  OK  [0m] Started LVM2 metadata daemon.
         Starting udev Coldplug all Devices...
         Starting Load/Save Random Seed...
         Starting Apply Kernel Variables...
         Mounting FUSE Control File System...
         Starting Create Static Device Nodes in /dev...
         Starting Flush Journal to Persistent Storage...
[[0;32m  OK  [0m] Mounted FUSE Control File System.
[[0;32m  OK  [0m] Started Load/Save Random Seed.
[[0;32m  OK  [0m] Started Apply Kernel Variables.
[[0;32m  OK  [0m] Started Create Static Device Nodes in /dev.
[[0;32m  OK  [0m] Started udev Coldplug all Devices.
         Starting udev Kernel Device Manager...
[[0;32m  OK  [0m] Started Flush Journal to Persistent Storage.
[[0;32m  OK  [0m] Started udev Kernel Device Manager.
[[0;32m  OK  [0m] Started Dispatch Password Requests to Console Directory Watch.
[[0;32m  OK  [0m] Started Monitoring of LVM2 mirrors,...ng dmeventd or progress polling.
[[0;32m  OK  [0m] Reached target Local File Systems (Pre).
[[0;32m  OK  [0m] Reached target Local File Systems.
         Starting Create Volatile Files and Directories...
         Starting LSB: AppArmor initialization...
         Starting Tell Plymouth To Write Out Runtime Data...
         Starting Commit a transient machine-id on disk...
         Starting Initial cloud-init job (pre-networking)...
         Starting Set console font and keymap...
[[0;32m  OK  [0m] Started Create Volatile Files and Directories.
[[0;32m  OK  [0m] Started Tell Plymouth To Write Out Runtime Data.
[[0;32m  OK  [0m] Started Commit a transient machine-id on disk.
[[0;32m  OK  [0m] Found device /dev/ttyS0.
[[0;32m  OK  [0m] Listening on Load/Save RF Kill Switch Status /dev/rfkill Watch.
         Starting Update UTMP about System Boot/Shutdown...
[[0;32m  OK  [0m] Started Update UTMP about System Boot/Shutdown.
[[0;32m  OK  [0m] Started Set console font and keymap.
[[0;32m  OK  [0m] Created slice system-getty.slice.
[[0;32m  OK  [0m] Started LSB: AppArmor initialization.
[   16.970355] cloud-init[525]: Cloud-init v. 18.3-9-g2e62cb8a-0ubuntu1~16.04.2 running 'init-local' at Tue, 30 Oct 2018 21:22:19 +0000. Up 16.58 seconds.
[[0;32m  OK  [0m] Started Initial cloud-init job (pre-networking).
[[0;32m  OK  [0m] Reached target Network (Pre).
         Starting Raise network interfaces...
[[0;32m  OK  [0m] Started Raise network interfaces.
[[0;32m  OK  [0m] Reached target Network.
         Starting Initial cloud-init job (metadata service crawler)...
[   18.362278] cloud-init[921]: Cloud-init v. 18.3-9-g2e62cb8a-0ubuntu1~16.04.2 running 'init' at Tue, 30 Oct 2018 21:22:20 +0000. Up 17.58 seconds.
[   18.384852] cloud-init[921]: ci-info: ++++++++++++++++++++++++++++++++++++++Net device info++++++++++++++++++++++++++++++++++++++
[   18.395210] cloud-init[921]: ci-info: +--------+------+----------------------------+---------------+--------+-------------------+
[   18.402470] cloud-init[921]: ci-info: | Device |  Up  |          Address           |      Mask     | Scope  |     Hw-Address    |
[   18.414551] cloud-init[921]: ci-info: +--------+------+----------------------------+---------------+--------+-------------------+
[[0;32m  OK  [0m] Started Initial cloud-init job (metadata service crawler).
[[0;32m  OK  [0m] Reached target System Initialization.
[[0;32m  OK  [0m] Listening on D-Bus System Message Bus Socket.
         Starting Socket activation for snappy daemon.
[[0;32m  OK  [0m] Started Daily Cleanup of Temporary Directories.
[   18.427260] cloud-init[921]: ci-info: | enp0s3 | True |         10.0.2.15          | 255.255.255.0 | global | 02:20:67:8c:d5:af |
[   18.463800]          Starting LXD - unix socket.
cloud-init[921]: [[0;32m  OK  [0m] Started ACPI Events Check.
[[0;32m  OK  [0m] Reached target Paths.
[[0;32m  OK  [0m] Started Daily apt download activities.
[[0;32m  OK  [0m] Started Daily apt upgrade and clean activities.
[[0;32m  OK  [0m] Listening on ACPID Listen Socket.
ci-info: | enp0s3 | True | fe80::20:67ff:fe8c:d5af/64 |       .       |  link  | 02:20:67:8c:d5:af |
[   18.488301] [[0;32m  OK  [0m] Listening on UUID daemon activation socket.
cloud-init[[921]: [0;32m  OK  [0mci-info: |   lo   | True |         127.0.0.1          |   255.0.0.0   |  host  |         .         |] 
Reached target Timers.
[   18.498367] [[0;32m  OK  [0m] Reached target Network is Online.
cloud-init[921]: ci-info: |   lo   | True |          ::1/128           |       .       |  host  |         .         |
[   18.505551] cloud-init[921]: ci-info: +--------+------+----------------------------+---------------+--------+-------------------+
[   18.512842] cloud-init[921]: ci-info: +++++++++++++++++++++++++++Route IPv4 info++++++++++++++++++++++++++++         Starting iSCSI initiator daemon (iscsid)...
[[0;32m  OK  [0m] Reached target Cloud-config availability.
[[0;32m  OK  [0m] Listening on Socket activation for snappy daemon.
[[0;32m  OK  [0m] Listening on LXD - unix socket.
[[0;32m  OK  [0m] Reached target Sockets.
[[0;32m  OK  [0m] Reached target Basic System.
[[0;32m  OK  [0m] Started FUSE filesystem for LXC.
[[0;32m  OK  [0m] Started Unattended Upgrades Shutdown.

         Starting Snappy daemon...
[   18.539270] cloud-init[[0;32m  OK  [0m] Started Regular background program processing daemon.
         Starting LSB: Record successful boot for GRUB...
[[0;32m  OK  [0m] Started D-Bus System Message Bus.
[921]: ci-info: +-------+-------------+----------+---------------+-----------+-------+
[   18.566952] cloud-init[921]: ci-info: | Route | Destination | Gateway  |    Genmask    | Interface | Flags |
[   18.581086] cloud-init[921]: ci-info: +-------+-------------+----------+---------------+-----------+-------+
[   18.586891] cloud-init[921]: ci-info: |   0   |   0.0.0.0   | 10.0.2.2 |    0.0.0.0    |   enp0s3  |   UG  |
[   18.594079] cloud-init[921]: ci-info: |   1   |   10.0.2.0  | 0.0.0.0  | 255.255.255.0 |   enp0s3  |   U   |
[   18.599504] cloud-init[921]: ci-info: +-------+-------------+----------+---------------+-----------+-------+
[   18.607453] cloud-init[921]: ci-info: +++++++++++++++++++Route IPv6 info+++++++++++++++++++
[   18.611638] cloud-init[921]: ci-info: +-------+-------------+---------+-----------+-------+
[   18.616754] cloud-init[921]: ci-info: | Route | Destination | Gateway | Interface | Flags |
[   18.620919] cloud-init[921]: ci-info: +-------+-------------+---------+-----------+-------+
[   18.626251] cloud-init[921]: ci-info: |   0   |  fe80::/64  |    ::   |   enp0s3  |   U   |
[   18.630064] cloud-init[921]: ci-info: |   3   |   ff00::/8  |    ::   |   enp0s3  |   U   |
[   18.634176] cloud-init[921]: ci-info: +-------+-------------+---------+-----------+-------+
[   18.642566] cloud-init[921]: Generating public/private rsa key pair.
[   18.649462] cloud-init[921]: Your identification has been saved in /etc/ssh/ssh_host_rsa_key.
[   18.654233] cloud-init[921]: Your public key has been saved in /etc/ssh/ssh_host_rsa_key.pub.
[   18.658998]          Starting Virtualbox guest utils...
         Starting System Logging Service...
cloud-init[[0;32m  OK  [0m] Started ACPI event daemon.
         Starting LSB: MD monitoring daemon...
[[0;32m  OK  [0m] Started Deferred execution scheduler.
         Starting LXD - container startup/shutdown...
[921]:          Starting Login Service...
The key fingerprint is:
[   18.702393] cloud-init[921]: SHA256:qNQHpPGiEJFWbuaOdGRtdHSj33b8xiw361zbT9Bwt44 root@ubuntu-xenial
[   18.714387] cloud-init[921]: The key's randomart image is:
[   18.740799] cloud-init[921]: +---[RSA 2048]----+
[   18.752522] cloud-init[921]: |oo....oo o       |
         Starting Accounts Service...
[   18.779835] cloud-init[921]: |.o. o=. o .      |
[   18.845618]          cloud-initStarting /etc/rc.local Compatibility...[921]: 
|o  *ooo.      . o|
[   18.846829] cloud-init[921]: | .*..o o. . .  +o|
[   18.936610]          cloud-initStarting Pollinate to seed the pseudo random number generator...[921]: 
| ..o. o S. o o...|
[   18.938100] cloud-init[921]: |. +. . .  . . *. |
[   19.088697] [cloud-init[0;32m  OK  [0m[921]: ] | . ..        E Oo|Started System Logging Service.

[   19.090142] cloud-init[921]: |              =.*|
[[0;32m  OK  [0m] Started Snappy daemon.
[   19.124649] cloud-init[921]: |              .=+|
[   19.145699] cloud-init[921]: +----[SHA256]-----+[[0;32m  OK  [0m] Started LXD - container startup/shutdown.
[[0;32m  OK  [0m] Started /etc/rc.local Compatibility.

[   19.163325] cloud-init[921]: Generating public/private dsa key pair.
[[   19.196794] cloud-init[921]: Your identification has been saved in /etc/ssh/ssh_host_dsa_key.
[   19.197939] cloud-init[921]: Your public key has been saved in /etc/ssh/ssh_host_dsa_key.pub.
[   19.199418] cloud-init[921]: The key fingerprint is:
[   19.199469] cloud-init[921]: SHA256:rhEMNoEqoJ/k61C7Uf9eAN6wU9kGTBcSmQGtlnyTbWc root@ubuntu-xenial
[   19.199635] cloud-init[921]: The key's randomart image is:
[   19.199739] cloud-init[921]: +---[DSA 1024]----+
[   19.199783] cloud-init[921]: |   .. .=*=o.     |
[   19.199825] cloud-init[921]: |. .  .  =*       |
[   19.199875] cloud-init[921]: |o.  +.ooooo      |
[0;32m  OK  [0m] Started iSCSI initiator daemon (iscsid).
[   19.201046] cloud-init[921]: |+ .. ==*+.o E    |
[   19.453039] cloud-init[921]: |.+....*.So o     |
[[   19.461446] cloud-init[921]: | .+o . + .       |
[   19.463234] cloud-init[921]: |. o.  o . .      |
[   19.463891] cloud-init[921]: | ..o   + .       |
[   19.464534] cloud-init[921]: | .o   ..o        |
[   19.465305] cloud-init[921]: +----[SHA256]-----+
[   19.465974] cloud-init[921]: Generating public/private ecdsa key pair.
[   19.468139] cloud-init[921]: Your identification has been saved in /etc/ssh/ssh_host_ecdsa_key.
[   19.469196] cloud-init[921]: Your public key has been saved in /etc/ssh/ssh_host_ecdsa_key.pub.
[   19.469744] cloud-init[921]: The key fingerprint is:
[   19.470044] cloud-init[921]: SHA256:BzrdX8DhYpAdOlot21vFg2znVB4roPdpbJnGJ/YB8cg root@ubuntu-xenial
[   19.470374] cloud-init[921]: The key's randomart image is:
[   19.470703] cloud-init[921]: +---[ECDSA 256]---+
[   19.471036] cloud-init[921]: |        .o.o.. ..|
[   19.471372] cloud-init[921]: |        .+o+o++oo|
[   19.471699] cloud-init[921]: |        *.+.BE*o.|
[   19.472628] cloud-init[921]: |       = O.o+**. |
[   19.472935] cloud-init[921]: |      + S + .&oo |
[   19.473444] cloud-init[921]: |       . . +=.+ .|
[   19.473758] cloud-init[921]: |          . .  . |
[   19.474253] cloud-init[921]: |                 |
[   19.475214] cloud-init[921]: |                 |
[   19.475773] cloud-init[921]: +----[SHA256]-----+
[   19.476836] cloud-init[921]: Generating public/private ed25519 key pair.
[   19.478177] cloud-init[921]: Your identification has been saved in /etc/ssh/ssh_host_ed25519_key.
[   19.478559] cloud-init[921]: Your public key has been saved in /etc/ssh/ssh_host_ed25519_key.pub.
[   19.479039] cloud-init[921]: The key fingerprint is:
[   19.479508] cloud-init[921]: SHA256:yM1zMgoE0Ymd9/mKI98b0hY42VWir+u0g7ZXoD5pVeU root@ubuntu-xenial
[   19.480477] cloud-init[921]: The key's randomart image is:
[   19.480782] cloud-init[921]: +--[ED25519 256]--+
[   19.481110] cloud-init[921]: |  o= o    . .    |
[   19.482232] cloud-init[921]: |  ..= .  . o.    |
[   19.482532] cloud-init[921]: |    .. ....o     |
[   19.482860] cloud-init[921]: |   . . B+o. E    |
[   19.483195] cloud-init[921]: |    . *.S+o      |
[   19.483527] cloud-init[921]: |     ..+.Bo      |
[   19.483856] cloud-init[921]: |     .o=*o       |
[   19.484529] cloud-init[921]: |    . X=++       |
[   19.485559] cloud-init[921]: |     =o**o       |
[   19.485889] cloud-init[921]: +----[SHA256]-----+
[0;32m  OK  [0m] Started LSB: Record successful boot for GRUB.
[[0;32m  OK  [0m] Started Login Service.
         Starting Authenticate and Authorize Users to Run Privileged Tasks...
         Starting Login to default iSCSI targets...
         Starting Wait until snapd is fully seeded...
[[0;32m  OK  [0m] Started LSB: MD monitoring daemon.
[[0;32m  OK  [0m] Started Authenticate and Authorize Users to Run Privileged Tasks.
[[0;32m  OK  [0m] Started Accounts Service.
[[0;32m  OK  [0m] Started Virtualbox guest utils.
[[0;32m  OK  [0m] Started Login to default iSCSI targets.
[[0;32m  OK  [0m] Started Pollinate to seed the pseudo random number generator.
         Starting OpenBSD Secure Shell server...
[[0;32m  OK  [0m] Reached target Remote File Systems (Pre).
[[0;32m  OK  [0m] Reached target Remote File Systems.
         Starting LSB: automatic crash report generation...
         Starting LSB: Set the CPU Frequency Scaling governor to "ondemand"...
         Starting LSB: daemon to balance interrupts for SMP systems...
         Starting Permit User Sessions...
[[0;32m  OK  [0m] Started Permit User Sessions.
[[0;32m  OK  [0m] Started OpenBSD Secure Shell server.
[[0;32m  OK  [0m] Started LSB: Set the CPU Frequency Scaling governor to "ondemand".
[[0;32m  OK  [0m] Started LSB: automatic crash report generation.
[[0;32m  OK  [0m] Started LSB: daemon to balance interrupts for SMP systems.
         Starting Hold until boot process finishes up...
         Starting Terminate Plymouth Boot Screen...
[[0;32m  OK  [0m] Started Hold until boot process finishes up.
[[0;32m  OK  [0m] Started Terminate Plymouth Boot Screen.
         Starting Set console scheme...
[[0;32m  OK  [0m] Started Getty on tty1.
[[0;32m  OK  [0m] Started Serial Getty on ttyS0.
[[0;32m  OK  [0m] Reached target Login Prompts.
[[0;32m  OK  [0m] Started Set console scheme.
[[0;32m  OK  [0m] Created slice User Slice of vagrant.
         Starting User Manager for UID 1000...
[[0;32m  OK  [0m] Started Session 1 of user vagrant.
[[0;32m  OK  [0m] Started User Manager for UID 1000.
         Stopping User Manager for UID 1000...
[[0;32m  OK  [0m] Stopped User Manager for UID 1000.
[[0;32m  OK  [0m] Removed slice User Slice of vagrant.
[[0;32m  OK  [0m] Created slice User Slice of vagrant.
         Starting User Manager for UID 1000...
[[0;32m  OK  [0m] Started Session 2 of user vagrant.
[[0;32m  OK  [0m] Started User Manager for UID 1000.
         Stopping Virtualbox guest utils...
[[0;32m  OK  [0m] Stopped Virtualbox guest utils.

Ubuntu 16.04.5 LTS ubuntu-xenial ttyS0

ubuntu-xenial login: [[0;32m  OK  [0m] Started ACPI event daemon.
[[0;32m  OK  [0m] Started ACPI event daemon.
[[0;32m  OK  [0m] Started ACPI event daemon.
[[0;32m  OK  [0m] Started ACPI event daemon.
[[0;32m  OK  [0m] Started ACPI event daemon.
[[0;32m  OK  [0m] Started ACPI event daemon.
[[0;32m  OK  [0m] Started Wait until snapd is fully seeded.
         Starting Apply the settings specified in cloud-config...
[[0;32m  OK  [0m] Reached target Multi-User System.
[[0;32m  OK  [0m] Reached target Graphical Interface.
         Starting Update UTMP about System Runlevel Changes...
[[0;32m  OK  [0m] Started Update UTMP about System Runlevel Changes.
[   59.418130] cloud-init[2056]: Generating locales (this might take a while)...
[   60.109093] cloud-init[2056]:   en_US.UTF-8... done
[   60.110024] cloud-init[2056]: Generation complete.
[   60.285231] cloud-init[2056]: Cloud-init v. 18.3-9-g2e62cb8a-0ubuntu1~16.04.2 running 'modules:config' at Tue, 30 Oct 2018 21:23:01 +0000. Up 59.29 seconds.
[[0;32m  OK  [0m] Started Apply the settings specified in cloud-config.
         Starting Execute cloud user/final scripts...
ci-info: no authorized ssh keys fingerprints found for user ubuntu.
<14>Oct 30 21:23:03 ec2: 
<14>Oct 30 21:23:03 ec2: #############################################################
<14>Oct 30 21:23:03 ec2: -----BEGIN SSH HOST KEY FINGERPRINTS-----
<14>Oct 30 21:23:03 ec2: 1024 SHA256:rhEMNoEqoJ/k61C7Uf9eAN6wU9kGTBcSmQGtlnyTbWc root@ubuntu-xenial (DSA)
<14>Oct 30 21:23:03 ec2: 256 SHA256:BzrdX8DhYpAdOlot21vFg2znVB4roPdpbJnGJ/YB8cg root@ubuntu-xenial (ECDSA)
<14>Oct 30 21:23:03 ec2: 256 SHA256:yM1zMgoE0Ymd9/mKI98b0hY42VWir+u0g7ZXoD5pVeU root@ubuntu-xenial (ED25519)
<14>Oct 30 21:23:03 ec2: 2048 SHA256:qNQHpPGiEJFWbuaOdGRtdHSj33b8xiw361zbT9Bwt44 root@ubuntu-xenial (RSA)
<14>Oct 30 21:23:03 ec2: -----END SSH HOST KEY FINGERPRINTS-----
<14>Oct 30 21:23:03 ec2: #############################################################
-----BEGIN SSH HOST KEY KEYS-----
ecdsa-sha2-nistp256 AAAAE2VjZHNhLXNoYTItbmlzdHAyNTYAAAAIbmlzdHAyNTYAAABBBDdgK0mor2nArFEasic83pnNTD+nB/crZjX1uObuH62WTYtg76Ow7EsGA5e4SJZ+q9twCFoxlNgRGqXpAVfZCHg= root@ubuntu-xenial
ssh-ed25519 AAAAC3NzaC1lZDI1NTE5AAAAID1/uRDzsJH/f/bRHWRMUvR4u926lHusY6GVtKLwaBOA root@ubuntu-xenial
ssh-rsa AAAAB3NzaC1yc2EAAAADAQABAAABAQDssziVPKI5TT960iZzHWfdC3it6hVJOTtUSp78Wermb+YIk1S8U7zohBiVVs3NDajuvoRxmBt1Bai0lkKhG4zvKZJqljHVv4fgGGGIZx/zot/EFO5Ary6jlnXQFxuSCi7pHilMdqT32jbjkrMbBox68crlclYHeOxlIee4LkUBs6NoI57FY9xMCXLaTF3Ho9KfEPAhAQP35vGlriKcdhl9QCrjL4LzyW4tMax4srkQwRaXGBBFXRx1xvly8ZmjEa5cHSZRgvO8UTzg6mVD1DvKRyM381r7Wmh7qzUP+6Obgb2DobI1fpNHwz8XVyqvizdaE4ssVz1Jkojmp+GJvQyl root@ubuntu-xenial
-----END SSH HOST KEY KEYS-----
[   60.653322] cloud-init[2099]: Cloud-init v. 18.3-9-g2e62cb8a-0ubuntu1~16.04.2 running 'modules:final' at Tue, 30 Oct 2018 21:23:03 +0000. Up 60.52 seconds.
[   60.653460] cloud-init[2099]: ci-info: no authorized ssh keys fingerprints found for user ubuntu.
[   60.653539] cloud-init[2099]: Cloud-init v. 18.3-9-g2e62cb8a-0ubuntu1~16.04.2 finished at Tue, 30 Oct 2018 21:23:03 +0000. Datasource DataSourceNoCloud [seed=/dev/sdb][dsmode=net].  Up 60.64 seconds
[[0;32m  OK  [0m] Started Execute cloud user/final scripts.
[[0;32m  OK  [0m] Reached target Cloud-init target.
